[rank2]:     def encode(self, hs, cos, sin):
[rank2]:   File "/venv/main/lib/python3.12/site-packages/torch/_dynamo/eval_frame.py", line 1263, in _fn
[rank2]:     return fn(*args, **kwargs)
[rank2]:            ^^^^^^^^^^^^^^^^^^^
[rank2]:   File "/venv/main/lib/python3.12/site-packages/torch/_functorch/aot_autograd.py", line 1200, in forward
[rank2]:     return compiled_fn(full_args)
[rank2]:            ^^^^^^^^^^^^^^^^^^^^^^
[rank2]:   File "/venv/main/lib/python3.12/site-packages/torch/_functorch/_aot_autograd/runtime_wrappers.py", line 2298, in __call__
[rank2]:     return self.compiled_fn(*args, **kwargs)
[rank2]:            ^^^^^^^^^^^^^^^^^^^^^^^^^^^^^^^^^
[rank2]:   File "/venv/main/lib/python3.12/site-packages/torch/_functorch/_aot_autograd/runtime_wrappers.py", line 566, in runtime_wrapper
[rank2]:     all_outs = call_func_at_runtime_with_args(
[rank2]:                ^^^^^^^^^^^^^^^^^^^^^^^^^^^^^^^
[rank2]:   File "/venv/main/lib/python3.12/site-packages/torch/_functorch/_aot_autograd/utils.py", line 138, in call_func_at_runtime_with_args
[rank2]:     out = normalize_as_list(f(args))
[rank2]:                             ^^^^^^^
[rank2]:   File "/venv/main/lib/python3.12/site-packages/torch/_functorch/_aot_autograd/utils.py", line 105, in g
[rank2]:     return f(*args)
[rank2]:            ^^^^^^^^
[rank2]:   File "/venv/main/lib/python3.12/site-packages/torch/autograd/function.py", line 596, in apply
[rank2]:     return super().apply(*args, **kwargs)  # type: ignore[misc]
[rank2]:            ^^^^^^^^^^^^^^^^^^^^^^^^^^^^^^
[rank2]:   File "/venv/main/lib/python3.12/site-packages/torch/_functorch/_aot_autograd/runtime_wrappers.py", line 2503, in forward
[rank2]:     fw_outs = call_func_at_runtime_with_args(
[rank2]:               ^^^^^^^^^^^^^^^^^^^^^^^^^^^^^^^
[rank2]:   File "/venv/main/lib/python3.12/site-packages/torch/_functorch/_aot_autograd/utils.py", line 138, in call_func_at_runtime_with_args
[rank2]:     out = normalize_as_list(f(args))
[rank2]:                             ^^^^^^^
[rank2]:   File "/venv/main/lib/python3.12/site-packages/torch/_functorch/_aot_autograd/runtime_wrappers.py", line 783, in wrapper
[rank2]:     return compiled_fn(runtime_args)
[rank2]:            ^^^^^^^^^^^^^^^^^^^^^^^^^
[rank2]:   File "/venv/main/lib/python3.12/site-packages/torch/_inductor/output_code.py", line 656, in __call__
[rank2]:     return self.current_callable(inputs)
[rank2]:            ^^^^^^^^^^^^^^^^^^^^^^^^^^^^^
[rank2]:   File "/venv/main/lib/python3.12/site-packages/torch/_inductor/utils.py", line 3401, in run
[rank2]:     out = model(new_inputs)
[rank2]:           ^^^^^^^^^^^^^^^^^
[rank2]:   File "/tmp/torchinductor_root/vd/cvdom2knfkmapdi2epiibtmzgyb5jq44mvacona5beq6u23y727p.py", line 6667, in call
[rank2]:     buf1380 = empty_strided_cuda((64*s49, 1024), (1024, 1), torch.bfloat16)
[rank2]:               ^^^^^^^^^^^^^^^^^^^^^^^^^^^^^^^^^^^^^^^^^^^^^^^^^^^^^^^^^^^^^
[rank2]: torch.OutOfMemoryError: CUDA out of memory. Tried to allocate 74.00 MiB. GPU 2 has a total capacity of 31.37 GiB of which 13.25 MiB is free. Including non-PyTorch memory, this process has 31.35 GiB memory in use. Of the allocated memory 30.54 GiB is allocated by PyTorch, and 13.54 MiB is reserved by PyTorch but unallocated. If reserved but unallocated memory is large try setting PYTORCH_CUDA_ALLOC_CONF=expandable_segments:True to avoid fragmentation.  See documentation for Memory Management  (https://docs.pytorch.org/docs/stable/notes/cuda.html#optimizing-memory-usage-with-pytorch-cuda-alloc-conf)
[rank3]: Traceback (most recent call last):
[rank3]:   File "/root/auto/train_c5.py", line 963, in <module>
[rank3]:     _feats = model.features(_x)
[rank3]:              ^^^^^^^^^^^^^^^^^^
[rank3]:   File "/root/auto/train_c5.py", line 399, in features
[rank3]:     h = self.encode(hs, cos, sin)
[rank3]:         ^^^^^^^^^^^^^^^^^^^^^^^^^
[rank3]:   File "/venv/main/lib/python3.12/site-packages/torch/_dynamo/eval_frame.py", line 1024, in compile_wrapper
[rank3]:     return fn(*args, **kwargs)
[rank3]:            ^^^^^^^^^^^^^^^^^^^
[rank3]:   File "/root/auto/train_c5.py", line 383, in encode
[rank3]:     def encode(self, hs, cos, sin):
[rank3]:   File "/venv/main/lib/python3.12/site-packages/torch/_dynamo/eval_frame.py", line 1263, in _fn
[rank3]:     return fn(*args, **kwargs)
[rank3]:            ^^^^^^^^^^^^^^^^^^^
[rank3]:   File "/venv/main/lib/python3.12/site-packages/torch/_functorch/aot_autograd.py", line 1200, in forward
[rank3]:     return compiled_fn(full_args)
[rank3]:            ^^^^^^^^^^^^^^^^^^^^^^
[rank3]:   File "/venv/main/lib/python3.12/site-packages/torch/_functorch/_aot_autograd/runtime_wrappers.py", line 2298, in __call__
[rank3]:     return self.compiled_fn(*args, **kwargs)
[rank3]:            ^^^^^^^^^^^^^^^^^^^^^^^^^^^^^^^^^
[rank3]:   File "/venv/main/lib/python3.12/site-packages/torch/_functorch/_aot_autograd/runtime_wrappers.py", line 566, in runtime_wrapper
[rank3]:     all_outs = call_func_at_runtime_with_args(
[rank3]:                ^^^^^^^^^^^^^^^^^^^^^^^^^^^^^^^
[rank3]:   File "/venv/main/lib/python3.12/site-packages/torch/_functorch/_aot_autograd/utils.py", line 138, in call_func_at_runtime_with_args
[rank3]:     out = normalize_as_list(f(args))
[rank3]:                             ^^^^^^^
[rank3]:   File "/venv/main/lib/python3.12/site-packages/torch/_functorch/_aot_autograd/utils.py", line 105, in g
[rank3]:     return f(*args)
[rank3]:            ^^^^^^^^
[rank3]:   File "/venv/main/lib/python3.12/site-packages/torch/autograd/function.py", line 596, in apply
[rank3]:     return super().apply(*args, **kwargs)  # type: ignore[misc]
[rank3]:            ^^^^^^^^^^^^^^^^^^^^^^^^^^^^^^
[rank3]:   File "/venv/main/lib/python3.12/site-packages/torch/_functorch/_aot_autograd/runtime_wrappers.py", line 2503, in forward
[rank3]:     fw_outs = call_func_at_runtime_with_args(
[rank3]:               ^^^^^^^^^^^^^^^^^^^^^^^^^^^^^^^
[rank3]:   File "/venv/main/lib/python3.12/site-packages/torch/_functorch/_aot_autograd/utils.py", line 138, in call_func_at_runtime_with_args
[rank3]:     out = normalize_as_list(f(args))
[rank3]:                             ^^^^^^^
[rank3]:   File "/venv/main/lib/python3.12/site-packages/torch/_functorch/_aot_autograd/runtime_wrappers.py", line 783, in wrapper
[rank3]:     return compiled_fn(runtime_args)
[rank3]:            ^^^^^^^^^^^^^^^^^^^^^^^^^
[rank3]:   File "/venv/main/lib/python3.12/site-packages/torch/_inductor/output_code.py", line 656, in __call__
[rank3]:     return self.current_callable(inputs)
[rank3]:            ^^^^^^^^^^^^^^^^^^^^^^^^^^^^^
[rank3]:   File "/venv/main/lib/python3.12/site-packages/torch/_inductor/utils.py", line 3401, in run
[rank3]:     out = model(new_inputs)
[rank3]:           ^^^^^^^^^^^^^^^^^
[rank3]:   File "/tmp/torchinductor_root/ts/ctstbanpyyfvz3qj2em3piez4pv5uxy4o7yqwjqceyaecyiolw62.py", line 6667, in call
[rank3]:     buf1380 = empty_strided_cuda((64*s49, 1024), (1024, 1), torch.bfloat16)
[rank3]:               ^^^^^^^^^^^^^^^^^^^^^^^^^^^^^^^^^^^^^^^^^^^^^^^^^^^^^^^^^^^^^
[rank3]: torch.OutOfMemoryError: CUDA out of memory. Tried to allocate 74.00 MiB. GPU 3 has a total capacity of 31.37 GiB of which 13.25 MiB is free. Including non-PyTorch memory, this process has 31.35 GiB memory in use. Of the allocated memory 30.54 GiB is allocated by PyTorch, and 13.54 MiB is reserved by PyTorch but unallocated. If reserved but unallocated memory is large try setting PYTORCH_CUDA_ALLOC_CONF=expandable_segments:True to avoid fragmentation.  See documentation for Memory Management  (https://docs.pytorch.org/docs/stable/notes/cuda.html#optimizing-memory-usage-with-pytorch-cuda-alloc-conf)
W0724 17:16:47.793000 7421 site-packages/torch/distributed/elastic/multiprocessing/api.py:1012] Sending process 7489 closing signal SIGTERM
W0724 17:16:47.795000 7421 site-packages/torch/distributed/elastic/multiprocessing/api.py:1012] Sending process 7491 closing signal SIGTERM
W0724 17:16:47.795000 7421 site-packages/torch/distributed/elastic/multiprocessing/api.py:1012] Sending process 7492 closing signal SIGTERM
E0724 17:16:48.876000 7421 site-packages/torch/distributed/elastic/multiprocessing/api.py:986] failed (exitcode: 1) local_rank: 1 (pid: 7490) of binary: /venv/main/bin/python
Traceback (most recent call last):
  File "<frozen runpy>", line 198, in _run_module_as_main
  File "<frozen runpy>", line 88, in _run_code
  File "/venv/main/lib/python3.12/site-packages/torch/distributed/run.py", line 994, in <module>
    main()
  File "/venv/main/lib/python3.12/site-packages/torch/distributed/elastic/multiprocessing/errors/__init__.py", line 362, in wrapper
    return f(*args, **kwargs)
           ^^^^^^^^^^^^^^^^^^
  File "/venv/main/lib/python3.12/site-packages/torch/distributed/run.py", line 990, in main
    run(args)
  File "/venv/main/lib/python3.12/site-packages/torch/distributed/run.py", line 981, in run
    elastic_launch(
  File "/venv/main/lib/python3.12/site-packages/torch/distributed/launcher/api.py", line 170, in __call__
    return launch_agent(self._config, self._entrypoint, list(args))
           ^^^^^^^^^^^^^^^^^^^^^^^^^^^^^^^^^^^^^^^^^^^^^^^^^^^^^^^^
  File "/venv/main/lib/python3.12/site-packages/torch/distributed/launcher/api.py", line 317, in launch_agent
    raise ChildFailedError(
torch.distributed.elastic.multiprocessing.errors.ChildFailedError: 
============================================================
train_c5.py FAILED
------------------------------------------------------------
Failures:
[1]:
  time      : 2026-07-24_17:16:48
  host      : 455f7208fb6a
  rank      : 0 (local_rank: 0)
  exitcode  : -15 (pid: 7489)
  error_file: <N/A>
  traceback : Signal 15 (SIGTERM) received by PID 7489
[2]:
  time      : 2026-07-24_17:16:48
  host      : 455f7208fb6a
  rank      : 2 (local_rank: 2)
  exitcode  : -15 (pid: 7491)
  error_file: <N/A>
  traceback : Signal 15 (SIGTERM) received by PID 7491
[3]:
  time      : 2026-07-24_17:16:48
  host      : 455f7208fb6a
  rank      : 3 (local_rank: 3)
  exitcode  : -15 (pid: 7492)
  error_file: <N/A>
  traceback : Signal 15 (SIGTERM) received by PID 7492
------------------------------------------------------------
Root Cause (first observed failure):
[0]:
  time      : 2026-07-24_17:16:47
  host      : 455f7208fb6a
  rank      : 1 (local_rank: 1)
  exitcode  : 1 (pid: 7490)
  error_file: <N/A>
  traceback : To enable traceback see: https://pytorch.org/docs/stable/elastic/errors.html
============================================================
