loading…
1198072 imgs, 299518 locs | d_pos=5.0km p_same=0.25
baseline probe near-recall@1 (<= 5.0km): 0.0064
ep1 step 100 loss 1.8453 (48s)
epoch 1: probe near-recall@1 = 0.0080
ep2 step 200 loss 1.6095 (96s)
epoch 2: probe near-recall@1 = 0.0088
ep3 step 300 loss 1.4743 (147s)
ep3 step 400 loss 1.4407 (197s)
epoch 3: probe near-recall@1 = 0.0076
ep4 step 500 loss 1.3246 (247s)
epoch 4: probe near-recall@1 = 0.0092
ep5 step 600 loss 1.2145 (297s)
ep5 step 700 loss 1.2276 (348s)
epoch 5: probe near-recall@1 = 0.0104
ep6 step 800 loss 1.1328 (398s)
epoch 6: probe near-recall@1 = 0.0112
ep7 step 900 loss 1.1410 (448s)
ep7 step 1000 loss 1.0574 (498s)
epoch 7: probe near-recall@1 = 0.0108
ep8 step 1100 loss 1.0405 (549s)
epoch 8: probe near-recall@1 = 0.0108
ep9 step 1200 loss 1.1515 (599s)
epoch 9: probe near-recall@1 = 0.0104
ep10 step 1300 loss 1.0133 (649s)
ep10 step 1400 loss 1.0803 (699s)
epoch 10: probe near-recall@1 = 0.0104
saved geo5_cls_c5.pt
GEO HEAD DONE
